// Jest Snapshot v1, https://goo.gl/fbAQLP

exports[`TheNavigation 値がDOMに反映されているか 1`] = `
"<div>
  <div class=\\"the-copyright\\">
    <div>
      <p class=\\"base-text--extend\\">
        © 2019 taka1156 <br>使用素材、プライバシーポリシー等は
        <a href=\\"http://placehold.jp\\" target=\\"_blank\\">コチラ</a></p>
    </div>
  </div>
</div>"
`;
